// Jest Snapshot v1, https://goo.gl/fbAQLP

exports[`TodoView renders without crashing 1`] = `
<div>
  <Helmet
    title="TODO"
  />
  <App />
</div>
`;
